// Jest Snapshot v1, https://goo.gl/fbAQLP

exports[`matches the snapshot 1`] = `
<DocumentFragment>
  <li>
    <span />
    <button
      data-testid="todo"
    >
      X
    </button>
  </li>
</DocumentFragment>
`;
